main.c:123:5:main	8	static
main.c:187:6:SystemClock_Config	72	static
main.c:225:13:MX_I2C1_Init	8	static
main.c:259:13:MX_TIM1_Init	32	static
main.c:306:13:MX_TIM2_Init	64	static
main.c:369:13:MX_USART1_UART_Init	8	static
main.c:402:13:MX_GPIO_Init	40	static
main.c:439:6:programInit	8	static
main.c:463:6:programTask	8	static
main.c:489:6:i2c_mpu6050_Task	4	static
main.c:529:6:pwm_proces_abs	24	static
main.c:607:6:pwm_proces	24	static
main.c:685:6:pidTask	24	static
main.c:802:6:uartTask	16	static
main.c:856:6:motorControl	4	static
main.c:863:6:workingLed	4	static
main.c:876:6:Error_Handler	4	static
